// Jest Snapshot v1, https://goo.gl/fbAQLP

exports[`Header 组件测试 保存Header组件快照 1`] = `
<div class="header">
  <div class="header-content">
    TODO：
    <input type="text" placeholder="请输入待办事项" class="todo-input"></div>
</div>
`;

exports[`保存Header组件快照 1`] = `
<div class="header">
  <div class="header-content">
    TODO：
    <input type="text" placeholder="请输入待办事项" class="todo-input"></div>
</div>
`;
